Archive member included because of file (symbol)

.\CortexM0\ARM_GCC_493\Debug\NRFBridge.a(cyfitter_cfg.o)
                              .\CortexM0\ARM_GCC_493\Debug\Cm0Start.o (cyfitter_cfg)
.\CortexM0\ARM_GCC_493\Debug\NRFBridge.a(Bootloadable.o)
                              .\CortexM0\ARM_GCC_493\Debug\main.o (Bootloadable_Load)
.\CortexM0\ARM_GCC_493\Debug\NRFBridge.a(UART.o)
                              .\CortexM0\ARM_GCC_493\Debug\main.o (UART_Start)
.\CortexM0\ARM_GCC_493\Debug\NRFBridge.a(UART_SPI_UART.o)
                              .\CortexM0\ARM_GCC_493\Debug\main.o (UART_SpiUartPutArray)
.\CortexM0\ARM_GCC_493\Debug\NRFBridge.a(UART_UART.o)
                              .\CortexM0\ARM_GCC_493\Debug\NRFBridge.a(UART.o) (UART_UartInit)
.\CortexM0\ARM_GCC_493\Debug\NRFBridge.a(CyFlash.o)
                              .\CortexM0\ARM_GCC_493\Debug\NRFBridge.a(Bootloadable.o) (CySysFlashWriteRow)
.\CortexM0\ARM_GCC_493\Debug\NRFBridge.a(CyLib.o)
                              .\CortexM0\ARM_GCC_493\Debug\NRFBridge.a(cyfitter_cfg.o) (CyIntEnable)
.\CortexM0\ARM_GCC_493\Debug\NRFBridge.a(CyLFClk.o)
                              .\CortexM0\ARM_GCC_493\Debug\NRFBridge.a(cyfitter_cfg.o) (CySysWdtIsr)
.\CortexM0\ARM_GCC_493\Debug\NRFBridge.a(CyBootAsmGnu.o)
                              .\CortexM0\ARM_GCC_493\Debug\NRFBridge.a(CyLib.o) (CyDelayCycles)
c:/program files/cypress/psoc creator/3.3/psoc creator/import/gnu/arm/4.9.3/bin/../lib/gcc/arm-none-eabi/4.9.3/armv6-m\libgcc.a(_udivsi3.o)
                              .\CortexM0\ARM_GCC_493\Debug\NRFBridge.a(CyLib.o) (__aeabi_uidiv)
c:/program files/cypress/psoc creator/3.3/psoc creator/import/gnu/arm/4.9.3/bin/../lib/gcc/arm-none-eabi/4.9.3/armv6-m\libgcc.a(_dvmd_tls.o)
                              c:/program files/cypress/psoc creator/3.3/psoc creator/import/gnu/arm/4.9.3/bin/../lib/gcc/arm-none-eabi/4.9.3/armv6-m\libgcc.a(_udivsi3.o) (__aeabi_idiv0)
c:/program files/cypress/psoc creator/3.3/psoc creator/import/gnu/arm/4.9.3/bin/../lib/gcc/arm-none-eabi/4.9.3/../../../../arm-none-eabi/lib/armv6-m\libg_nano.a(lib_a-errno.o)
                              .\CortexM0\ARM_GCC_493\Debug\Cm0Start.o (__errno)
c:/program files/cypress/psoc creator/3.3/psoc creator/import/gnu/arm/4.9.3/bin/../lib/gcc/arm-none-eabi/4.9.3/../../../../arm-none-eabi/lib/armv6-m\libg_nano.a(lib_a-exit.o)
                              c:/program files/cypress/psoc creator/3.3/psoc creator/import/gnu/arm/4.9.3/bin/../lib/gcc/arm-none-eabi/4.9.3/../../../../arm-none-eabi/lib/armv6-m/crt0.o (exit)
c:/program files/cypress/psoc creator/3.3/psoc creator/import/gnu/arm/4.9.3/bin/../lib/gcc/arm-none-eabi/4.9.3/../../../../arm-none-eabi/lib/armv6-m\libg_nano.a(lib_a-impure.o)
                              c:/program files/cypress/psoc creator/3.3/psoc creator/import/gnu/arm/4.9.3/bin/../lib/gcc/arm-none-eabi/4.9.3/../../../../arm-none-eabi/lib/armv6-m\libg_nano.a(lib_a-exit.o) (_global_impure_ptr)
c:/program files/cypress/psoc creator/3.3/psoc creator/import/gnu/arm/4.9.3/bin/../lib/gcc/arm-none-eabi/4.9.3/../../../../arm-none-eabi/lib/armv6-m\libg_nano.a(lib_a-init.o)
                              c:/program files/cypress/psoc creator/3.3/psoc creator/import/gnu/arm/4.9.3/bin/../lib/gcc/arm-none-eabi/4.9.3/../../../../arm-none-eabi/lib/armv6-m/crt0.o (__libc_init_array)
c:/program files/cypress/psoc creator/3.3/psoc creator/import/gnu/arm/4.9.3/bin/../lib/gcc/arm-none-eabi/4.9.3/../../../../arm-none-eabi/lib/armv6-m\libg_nano.a(lib_a-memcpy.o)
                              .\CortexM0\ARM_GCC_493\Debug\NRFBridge.a(CyFlash.o) (memcpy)
c:/program files/cypress/psoc creator/3.3/psoc creator/import/gnu/arm/4.9.3/bin/../lib/gcc/arm-none-eabi/4.9.3/../../../../arm-none-eabi/lib/armv6-m\libg_nano.a(lib_a-memset.o)
                              c:/program files/cypress/psoc creator/3.3/psoc creator/import/gnu/arm/4.9.3/bin/../lib/gcc/arm-none-eabi/4.9.3/../../../../arm-none-eabi/lib/armv6-m/crt0.o (memset)

Discarded input sections

 .text          0x00000000        0x0 c:/program files/cypress/psoc creator/3.3/psoc creator/import/gnu/arm/4.9.3/bin/../lib/gcc/arm-none-eabi/4.9.3/armv6-m/crti.o
 .data          0x00000000        0x0 c:/program files/cypress/psoc creator/3.3/psoc creator/import/gnu/arm/4.9.3/bin/../lib/gcc/arm-none-eabi/4.9.3/armv6-m/crti.o
 .bss           0x00000000        0x0 c:/program files/cypress/psoc creator/3.3/psoc creator/import/gnu/arm/4.9.3/bin/../lib/gcc/arm-none-eabi/4.9.3/armv6-m/crti.o
 .data          0x00000000        0x4 c:/program files/cypress/psoc creator/3.3/psoc creator/import/gnu/arm/4.9.3/bin/../lib/gcc/arm-none-eabi/4.9.3/armv6-m/crtbegin.o
 .text          0x00000000       0x78 c:/program files/cypress/psoc creator/3.3/psoc creator/import/gnu/arm/4.9.3/bin/../lib/gcc/arm-none-eabi/4.9.3/../../../../arm-none-eabi/lib/armv6-m/crt0.o
 .data          0x00000000        0x0 c:/program files/cypress/psoc creator/3.3/psoc creator/import/gnu/arm/4.9.3/bin/../lib/gcc/arm-none-eabi/4.9.3/../../../../arm-none-eabi/lib/armv6-m/crt0.o
 .bss           0x00000000        0x0 c:/program files/cypress/psoc creator/3.3/psoc creator/import/gnu/arm/4.9.3/bin/../lib/gcc/arm-none-eabi/4.9.3/../../../../arm-none-eabi/lib/armv6-m/crt0.o
 .ARM.extab     0x00000000        0x0 c:/program files/cypress/psoc creator/3.3/psoc creator/import/gnu/arm/4.9.3/bin/../lib/gcc/arm-none-eabi/4.9.3/../../../../arm-none-eabi/lib/armv6-m/crt0.o
 .ARM.exidx     0x00000000        0x8 c:/program files/cypress/psoc creator/3.3/psoc creator/import/gnu/arm/4.9.3/bin/../lib/gcc/arm-none-eabi/4.9.3/../../../../arm-none-eabi/lib/armv6-m/crt0.o
 .text          0x00000000        0x0 .\CortexM0\ARM_GCC_493\Debug\main.o
 .data          0x00000000        0x0 .\CortexM0\ARM_GCC_493\Debug\main.o
 .bss           0x00000000        0x0 .\CortexM0\ARM_GCC_493\Debug\main.o
 .text          0x00000000        0x0 .\CortexM0\ARM_GCC_493\Debug\cybootloader.o
 .data          0x00000000        0x0 .\CortexM0\ARM_GCC_493\Debug\cybootloader.o
 .bss           0x00000000        0x0 .\CortexM0\ARM_GCC_493\Debug\cybootloader.o
 .text          0x00000000        0x0 .\CortexM0\ARM_GCC_493\Debug\cymetadata.o
 .data          0x00000000        0x0 .\CortexM0\ARM_GCC_493\Debug\cymetadata.o
 .bss           0x00000000        0x0 .\CortexM0\ARM_GCC_493\Debug\cymetadata.o
 .text          0x00000000        0x0 .\CortexM0\ARM_GCC_493\Debug\Cm0Start.o
 .data          0x00000000        0x4 .\CortexM0\ARM_GCC_493\Debug\Cm0Start.o
 .bss           0x00000000        0x0 .\CortexM0\ARM_GCC_493\Debug\Cm0Start.o
 .text._exit    0x00000000        0xc .\CortexM0\ARM_GCC_493\Debug\Cm0Start.o
 .text._sbrk    0x00000000       0x30 .\CortexM0\ARM_GCC_493\Debug\Cm0Start.o
 .text          0x00000000        0x0 .\CortexM0\ARM_GCC_493\Debug\NRFBridge.a(cyfitter_cfg.o)
 .data          0x00000000        0x0 .\CortexM0\ARM_GCC_493\Debug\NRFBridge.a(cyfitter_cfg.o)
 .bss           0x00000000        0x0 .\CortexM0\ARM_GCC_493\Debug\NRFBridge.a(cyfitter_cfg.o)
 .text          0x00000000        0x0 .\CortexM0\ARM_GCC_493\Debug\NRFBridge.a(Bootloadable.o)
 .data          0x00000000        0x0 .\CortexM0\ARM_GCC_493\Debug\NRFBridge.a(Bootloadable.o)
 .bss           0x00000000        0x0 .\CortexM0\ARM_GCC_493\Debug\NRFBridge.a(Bootloadable.o)
 .text.Bootloadable_SetFlashByte
                0x00000000       0x38 .\CortexM0\ARM_GCC_493\Debug\NRFBridge.a(Bootloadable.o)
 .text          0x00000000        0x0 .\CortexM0\ARM_GCC_493\Debug\NRFBridge.a(UART.o)
 .data          0x00000000        0x0 .\CortexM0\ARM_GCC_493\Debug\NRFBridge.a(UART.o)
 .text.UART_ScbModeStop
                0x00000000        0x8 .\CortexM0\ARM_GCC_493\Debug\NRFBridge.a(UART.o)
 .text.UART_Stop
                0x00000000       0x20 .\CortexM0\ARM_GCC_493\Debug\NRFBridge.a(UART.o)
 .text.UART_SetRxFifoLevel
                0x00000000       0x14 .\CortexM0\ARM_GCC_493\Debug\NRFBridge.a(UART.o)
 .text.UART_SetTxFifoLevel
                0x00000000       0x14 .\CortexM0\ARM_GCC_493\Debug\NRFBridge.a(UART.o)
 .text.UART_I2CSlaveNackGeneration
                0x00000000       0x3c .\CortexM0\ARM_GCC_493\Debug\NRFBridge.a(UART.o)
 .text          0x00000000        0x0 .\CortexM0\ARM_GCC_493\Debug\NRFBridge.a(UART_SPI_UART.o)
 .data          0x00000000        0x0 .\CortexM0\ARM_GCC_493\Debug\NRFBridge.a(UART_SPI_UART.o)
 .bss           0x00000000        0x0 .\CortexM0\ARM_GCC_493\Debug\NRFBridge.a(UART_SPI_UART.o)
 .text.UART_SpiUartReadRxData
                0x00000000        0xc .\CortexM0\ARM_GCC_493\Debug\NRFBridge.a(UART_SPI_UART.o)
 .text.UART_SpiUartGetRxBufferSize
                0x00000000       0x10 .\CortexM0\ARM_GCC_493\Debug\NRFBridge.a(UART_SPI_UART.o)
 .text.UART_SpiUartClearRxBuffer
                0x00000000       0x20 .\CortexM0\ARM_GCC_493\Debug\NRFBridge.a(UART_SPI_UART.o)
 .text.UART_SpiUartGetTxBufferSize
                0x00000000       0x10 .\CortexM0\ARM_GCC_493\Debug\NRFBridge.a(UART_SPI_UART.o)
 .text.UART_SpiUartClearTxBuffer
                0x00000000       0x20 .\CortexM0\ARM_GCC_493\Debug\NRFBridge.a(UART_SPI_UART.o)
 .text.UART_SpiUartDisableIntRx
                0x00000000       0x10 .\CortexM0\ARM_GCC_493\Debug\NRFBridge.a(UART_SPI_UART.o)
 .text.UART_SpiUartDisableIntTx
                0x00000000       0x10 .\CortexM0\ARM_GCC_493\Debug\NRFBridge.a(UART_SPI_UART.o)
 .text          0x00000000        0x0 .\CortexM0\ARM_GCC_493\Debug\NRFBridge.a(UART_UART.o)
 .data          0x00000000        0x0 .\CortexM0\ARM_GCC_493\Debug\NRFBridge.a(UART_UART.o)
 .bss           0x00000000        0x0 .\CortexM0\ARM_GCC_493\Debug\NRFBridge.a(UART_UART.o)
 .text.UART_UartStop
                0x00000000       0x10 .\CortexM0\ARM_GCC_493\Debug\NRFBridge.a(UART_UART.o)
 .text.UART_UartSetRxAddress
                0x00000000       0x14 .\CortexM0\ARM_GCC_493\Debug\NRFBridge.a(UART_UART.o)
 .text.UART_UartSetRxAddressMask
                0x00000000       0x18 .\CortexM0\ARM_GCC_493\Debug\NRFBridge.a(UART_UART.o)
 .text.UART_UartGetChar
                0x00000000       0x2c .\CortexM0\ARM_GCC_493\Debug\NRFBridge.a(UART_UART.o)
 .text.UART_UartGetByte
                0x00000000       0x30 .\CortexM0\ARM_GCC_493\Debug\NRFBridge.a(UART_UART.o)
 .text.UART_UartPutString
                0x00000000       0x18 .\CortexM0\ARM_GCC_493\Debug\NRFBridge.a(UART_UART.o)
 .text.UART_UartPutCRLF
                0x00000000       0x14 .\CortexM0\ARM_GCC_493\Debug\NRFBridge.a(UART_UART.o)
 .text          0x00000000        0x0 .\CortexM0\ARM_GCC_493\Debug\NRFBridge.a(CyFlash.o)
 .data          0x00000000        0x0 .\CortexM0\ARM_GCC_493\Debug\NRFBridge.a(CyFlash.o)
 .bss           0x00000000        0x4 .\CortexM0\ARM_GCC_493\Debug\NRFBridge.a(CyFlash.o)
 .text.CySysFlashClockBackup
                0x00000000       0x14 .\CortexM0\ARM_GCC_493\Debug\NRFBridge.a(CyFlash.o)
 .text.CySysFlashClockRestore
                0x00000000       0x14 .\CortexM0\ARM_GCC_493\Debug\NRFBridge.a(CyFlash.o)
 .text.CySysFlashWriteRow
                0x00000000      0x188 .\CortexM0\ARM_GCC_493\Debug\NRFBridge.a(CyFlash.o)
 .text.CySysFlashSetWaitCycles
                0x00000000       0x34 .\CortexM0\ARM_GCC_493\Debug\NRFBridge.a(CyFlash.o)
 .text          0x00000000        0x0 .\CortexM0\ARM_GCC_493\Debug\NRFBridge.a(CyLib.o)
 .bss           0x00000000       0x18 .\CortexM0\ARM_GCC_493\Debug\NRFBridge.a(CyLib.o)
 .text.CySysClkImoStart
                0x00000000       0x14 .\CortexM0\ARM_GCC_493\Debug\NRFBridge.a(CyLib.o)
 .text.CySysClkImoStop
                0x00000000       0x10 .\CortexM0\ARM_GCC_493\Debug\NRFBridge.a(CyLib.o)
 .text.CySysClkWriteHfclkDirect
                0x00000000       0x24 .\CortexM0\ARM_GCC_493\Debug\NRFBridge.a(CyLib.o)
 .text.CySysClkWriteSysclkDiv
                0x00000000       0x28 .\CortexM0\ARM_GCC_493\Debug\NRFBridge.a(CyLib.o)
 .text.CySysLvdDisable
                0x00000000       0x20 .\CortexM0\ARM_GCC_493\Debug\NRFBridge.a(CyLib.o)
 .text.CySysLvdGetInterruptSource
                0x00000000       0x10 .\CortexM0\ARM_GCC_493\Debug\NRFBridge.a(CyLib.o)
 .text.CySysLvdClearInterrupt
                0x00000000        0xc .\CortexM0\ARM_GCC_493\Debug\NRFBridge.a(CyLib.o)
 .text.CySysGetResetReason
                0x00000000       0x14 .\CortexM0\ARM_GCC_493\Debug\NRFBridge.a(CyLib.o)
 .text.CyDisableInts
                0x00000000       0x10 .\CortexM0\ARM_GCC_493\Debug\NRFBridge.a(CyLib.o)
 .text.CyEnableInts
                0x00000000        0xc .\CortexM0\ARM_GCC_493\Debug\NRFBridge.a(CyLib.o)
 .text.CyIntGetState
                0x00000000       0x18 .\CortexM0\ARM_GCC_493\Debug\NRFBridge.a(CyLib.o)
 .text.CyIntDisable
                0x00000000       0x14 .\CortexM0\ARM_GCC_493\Debug\NRFBridge.a(CyLib.o)
 .text.CyIntSetPending
                0x00000000       0x14 .\CortexM0\ARM_GCC_493\Debug\NRFBridge.a(CyLib.o)
 .text.CyIntClearPending
                0x00000000       0x14 .\CortexM0\ARM_GCC_493\Debug\NRFBridge.a(CyLib.o)
 .text.CyIntSetSysVector
                0x00000000       0x20 .\CortexM0\ARM_GCC_493\Debug\NRFBridge.a(CyLib.o)
 .text.CyIntGetSysVector
                0x00000000       0x1c .\CortexM0\ARM_GCC_493\Debug\NRFBridge.a(CyLib.o)
 .text.CyIntGetVector
                0x00000000       0x20 .\CortexM0\ARM_GCC_493\Debug\NRFBridge.a(CyLib.o)
 .text.CyIntSetPriority
                0x00000000       0x4c .\CortexM0\ARM_GCC_493\Debug\NRFBridge.a(CyLib.o)
 .text.CyIntGetPriority
                0x00000000       0x2c .\CortexM0\ARM_GCC_493\Debug\NRFBridge.a(CyLib.o)
 .text.CySysLvdEnable
                0x00000000       0x44 .\CortexM0\ARM_GCC_493\Debug\NRFBridge.a(CyLib.o)
 .text.CyDelayFreq
                0x00000000       0x4c .\CortexM0\ARM_GCC_493\Debug\NRFBridge.a(CyLib.o)
 .text.CySysTickStop
                0x00000000       0x10 .\CortexM0\ARM_GCC_493\Debug\NRFBridge.a(CyLib.o)
 .text.CySysTickEnableInterrupt
                0x00000000       0x10 .\CortexM0\ARM_GCC_493\Debug\NRFBridge.a(CyLib.o)
 .text.CySysTickEnable
                0x00000000       0x18 .\CortexM0\ARM_GCC_493\Debug\NRFBridge.a(CyLib.o)
 .text.CySysTickDisableInterrupt
                0x00000000       0x10 .\CortexM0\ARM_GCC_493\Debug\NRFBridge.a(CyLib.o)
 .text.CySysTickSetReload
                0x00000000       0x10 .\CortexM0\ARM_GCC_493\Debug\NRFBridge.a(CyLib.o)
 .text.CySysTickGetReload
                0x00000000       0x10 .\CortexM0\ARM_GCC_493\Debug\NRFBridge.a(CyLib.o)
 .text.CySysTickGetValue
                0x00000000       0x10 .\CortexM0\ARM_GCC_493\Debug\NRFBridge.a(CyLib.o)
 .text.CySysTickGetCountFlag
                0x00000000       0x10 .\CortexM0\ARM_GCC_493\Debug\NRFBridge.a(CyLib.o)
 .text.CySysTickServiceCallbacks
                0x00000000       0x28 .\CortexM0\ARM_GCC_493\Debug\NRFBridge.a(CyLib.o)
 .text.CySysTickClear
                0x00000000        0xc .\CortexM0\ARM_GCC_493\Debug\NRFBridge.a(CyLib.o)
 .text.CySysTickInit
                0x00000000       0x44 .\CortexM0\ARM_GCC_493\Debug\NRFBridge.a(CyLib.o)
 .text.CySysTickStart
                0x00000000       0x20 .\CortexM0\ARM_GCC_493\Debug\NRFBridge.a(CyLib.o)
 .text.CySysTickSetCallback
                0x00000000       0x10 .\CortexM0\ARM_GCC_493\Debug\NRFBridge.a(CyLib.o)
 .text.CySysTickGetCallback
                0x00000000        0xc .\CortexM0\ARM_GCC_493\Debug\NRFBridge.a(CyLib.o)
 .text.CyGetUniqueId
                0x00000000       0x70 .\CortexM0\ARM_GCC_493\Debug\NRFBridge.a(CyLib.o)
 .text          0x00000000        0x0 .\CortexM0\ARM_GCC_493\Debug\NRFBridge.a(CyLFClk.o)
 .text.CySysClkIloEnabled
                0x00000000       0x14 .\CortexM0\ARM_GCC_493\Debug\NRFBridge.a(CyLFClk.o)
 .text.CySysClkIloStart
                0x00000000       0x14 .\CortexM0\ARM_GCC_493\Debug\NRFBridge.a(CyLFClk.o)
 .text.CySysWdtGetEnabledStatus
                0x00000000       0x24 .\CortexM0\ARM_GCC_493\Debug\NRFBridge.a(CyLFClk.o)
 .text.CySysWdtSetMode
                0x00000000       0x38 .\CortexM0\ARM_GCC_493\Debug\NRFBridge.a(CyLFClk.o)
 .text.CySysClkLfclkPosedgeRestore
                0x00000000       0x2c .\CortexM0\ARM_GCC_493\Debug\NRFBridge.a(CyLFClk.o)
 .text.CySysWdtGetMode
                0x00000000       0x14 .\CortexM0\ARM_GCC_493\Debug\NRFBridge.a(CyLFClk.o)
 .text.CySysWdtSetClearOnMatch
                0x00000000       0x38 .\CortexM0\ARM_GCC_493\Debug\NRFBridge.a(CyLFClk.o)
 .text.CySysWdtGetClearOnMatch
                0x00000000       0x24 .\CortexM0\ARM_GCC_493\Debug\NRFBridge.a(CyLFClk.o)
 .text.CySysWdtEnable
                0x00000000       0x40 .\CortexM0\ARM_GCC_493\Debug\NRFBridge.a(CyLFClk.o)
 .text.CySysWdtDisable
                0x00000000       0x44 .\CortexM0\ARM_GCC_493\Debug\NRFBridge.a(CyLFClk.o)
 .text.CySysWdtSetCascade
                0x00000000       0x34 .\CortexM0\ARM_GCC_493\Debug\NRFBridge.a(CyLFClk.o)
 .text.CySysWdtGetCascade
                0x00000000       0x14 .\CortexM0\ARM_GCC_493\Debug\NRFBridge.a(CyLFClk.o)
 .text.CySysWdtSetMatch
                0x00000000       0x3c .\CortexM0\ARM_GCC_493\Debug\NRFBridge.a(CyLFClk.o)
 .text.CySysWdtSetToggleBit
                0x00000000       0x2c .\CortexM0\ARM_GCC_493\Debug\NRFBridge.a(CyLFClk.o)
 .text.CySysWdtGetToggleBit
                0x00000000       0x10 .\CortexM0\ARM_GCC_493\Debug\NRFBridge.a(CyLFClk.o)
 .text.CySysWdtGetMatch
                0x00000000       0x20 .\CortexM0\ARM_GCC_493\Debug\NRFBridge.a(CyLFClk.o)
 .text.CySysWdtGetCount
                0x00000000       0x3c .\CortexM0\ARM_GCC_493\Debug\NRFBridge.a(CyLFClk.o)
 .text.CySysClkLfclkPosedgeCatch
                0x00000000       0x74 .\CortexM0\ARM_GCC_493\Debug\NRFBridge.a(CyLFClk.o)
 .text.CySysClkIloStop
                0x00000000       0x38 .\CortexM0\ARM_GCC_493\Debug\NRFBridge.a(CyLFClk.o)
 .text.CySysWdtGetInterruptSource
                0x00000000       0x14 .\CortexM0\ARM_GCC_493\Debug\NRFBridge.a(CyLFClk.o)
 .text.CySysWdtResetCounters
                0x00000000       0x20 .\CortexM0\ARM_GCC_493\Debug\NRFBridge.a(CyLFClk.o)
 .text.CySysWdtSetInterruptCallback
                0x00000000       0x20 .\CortexM0\ARM_GCC_493\Debug\NRFBridge.a(CyLFClk.o)
 .text.CySysWdtGetInterruptCallback
                0x00000000       0x20 .\CortexM0\ARM_GCC_493\Debug\NRFBridge.a(CyLFClk.o)
 .text.CySysWdtEnableCounterIsr
                0x00000000       0x34 .\CortexM0\ARM_GCC_493\Debug\NRFBridge.a(CyLFClk.o)
 .text.CySysWdtDisableCounterIsr
                0x00000000       0x28 .\CortexM0\ARM_GCC_493\Debug\NRFBridge.a(CyLFClk.o)
 .text.CySysTimerDelayUntilMatch
                0x00000000       0x6c .\CortexM0\ARM_GCC_493\Debug\NRFBridge.a(CyLFClk.o)
 .text.CySysTimerDelay
                0x00000000       0x3c .\CortexM0\ARM_GCC_493\Debug\NRFBridge.a(CyLFClk.o)
 .text.CySysWatchdogFeed
                0x00000000       0x60 .\CortexM0\ARM_GCC_493\Debug\NRFBridge.a(CyLFClk.o)
 .rodata        0x00000000        0xc .\CortexM0\ARM_GCC_493\Debug\NRFBridge.a(CyLFClk.o)
 .data          0x00000000        0x0 .\CortexM0\ARM_GCC_493\Debug\NRFBridge.a(CyBootAsmGnu.o)
 .bss           0x00000000        0x0 .\CortexM0\ARM_GCC_493\Debug\NRFBridge.a(CyBootAsmGnu.o)
 .text          0x00000000      0x120 c:/program files/cypress/psoc creator/3.3/psoc creator/import/gnu/arm/4.9.3/bin/../lib/gcc/arm-none-eabi/4.9.3/armv6-m\libgcc.a(_udivsi3.o)
 .data          0x00000000        0x0 c:/program files/cypress/psoc creator/3.3/psoc creator/import/gnu/arm/4.9.3/bin/../lib/gcc/arm-none-eabi/4.9.3/armv6-m\libgcc.a(_udivsi3.o)
 .bss           0x00000000        0x0 c:/program files/cypress/psoc creator/3.3/psoc creator/import/gnu/arm/4.9.3/bin/../lib/gcc/arm-none-eabi/4.9.3/armv6-m\libgcc.a(_udivsi3.o)
 .text          0x00000000        0x4 c:/program files/cypress/psoc creator/3.3/psoc creator/import/gnu/arm/4.9.3/bin/../lib/gcc/arm-none-eabi/4.9.3/armv6-m\libgcc.a(_dvmd_tls.o)
 .data          0x00000000        0x0 c:/program files/cypress/psoc creator/3.3/psoc creator/import/gnu/arm/4.9.3/bin/../lib/gcc/arm-none-eabi/4.9.3/armv6-m\libgcc.a(_dvmd_tls.o)
 .bss           0x00000000        0x0 c:/program files/cypress/psoc creator/3.3/psoc creator/import/gnu/arm/4.9.3/bin/../lib/gcc/arm-none-eabi/4.9.3/armv6-m\libgcc.a(_dvmd_tls.o)
 .text          0x00000000        0x0 c:/program files/cypress/psoc creator/3.3/psoc creator/import/gnu/arm/4.9.3/bin/../lib/gcc/arm-none-eabi/4.9.3/../../../../arm-none-eabi/lib/armv6-m\libg_nano.a(lib_a-errno.o)
 .data          0x00000000        0x0 c:/program files/cypress/psoc creator/3.3/psoc creator/import/gnu/arm/4.9.3/bin/../lib/gcc/arm-none-eabi/4.9.3/../../../../arm-none-eabi/lib/armv6-m\libg_nano.a(lib_a-errno.o)
 .bss           0x00000000        0x0 c:/program files/cypress/psoc creator/3.3/psoc creator/import/gnu/arm/4.9.3/bin/../lib/gcc/arm-none-eabi/4.9.3/../../../../arm-none-eabi/lib/armv6-m\libg_nano.a(lib_a-errno.o)
 .text.__errno  0x00000000        0xc c:/program files/cypress/psoc creator/3.3/psoc creator/import/gnu/arm/4.9.3/bin/../lib/gcc/arm-none-eabi/4.9.3/../../../../arm-none-eabi/lib/armv6-m\libg_nano.a(lib_a-errno.o)
 .text          0x00000000        0x0 c:/program files/cypress/psoc creator/3.3/psoc creator/import/gnu/arm/4.9.3/bin/../lib/gcc/arm-none-eabi/4.9.3/../../../../arm-none-eabi/lib/armv6-m\libg_nano.a(lib_a-exit.o)
 .data          0x00000000        0x0 c:/program files/cypress/psoc creator/3.3/psoc creator/import/gnu/arm/4.9.3/bin/../lib/gcc/arm-none-eabi/4.9.3/../../../../arm-none-eabi/lib/armv6-m\libg_nano.a(lib_a-exit.o)
 .bss           0x00000000        0x0 c:/program files/cypress/psoc creator/3.3/psoc creator/import/gnu/arm/4.9.3/bin/../lib/gcc/arm-none-eabi/4.9.3/../../../../arm-none-eabi/lib/armv6-m\libg_nano.a(lib_a-exit.o)
 .text.exit     0x00000000       0x2c c:/program files/cypress/psoc creator/3.3/psoc creator/import/gnu/arm/4.9.3/bin/../lib/gcc/arm-none-eabi/4.9.3/../../../../arm-none-eabi/lib/armv6-m\libg_nano.a(lib_a-exit.o)
 .text          0x00000000        0x0 c:/program files/cypress/psoc creator/3.3/psoc creator/import/gnu/arm/4.9.3/bin/../lib/gcc/arm-none-eabi/4.9.3/../../../../arm-none-eabi/lib/armv6-m\libg_nano.a(lib_a-impure.o)
 .data          0x00000000        0x0 c:/program files/cypress/psoc creator/3.3/psoc creator/import/gnu/arm/4.9.3/bin/../lib/gcc/arm-none-eabi/4.9.3/../../../../arm-none-eabi/lib/armv6-m\libg_nano.a(lib_a-impure.o)
 .bss           0x00000000        0x0 c:/program files/cypress/psoc creator/3.3/psoc creator/import/gnu/arm/4.9.3/bin/../lib/gcc/arm-none-eabi/4.9.3/../../../../arm-none-eabi/lib/armv6-m\libg_nano.a(lib_a-impure.o)
 .data.impure_data
                0x00000000       0x60 c:/program files/cypress/psoc creator/3.3/psoc creator/import/gnu/arm/4.9.3/bin/../lib/gcc/arm-none-eabi/4.9.3/../../../../arm-none-eabi/lib/armv6-m\libg_nano.a(lib_a-impure.o)
 .data._impure_ptr
                0x00000000        0x4 c:/program files/cypress/psoc creator/3.3/psoc creator/import/gnu/arm/4.9.3/bin/../lib/gcc/arm-none-eabi/4.9.3/../../../../arm-none-eabi/lib/armv6-m\libg_nano.a(lib_a-impure.o)
 .rodata.str1.1
                0x00000000        0x2 c:/program files/cypress/psoc creator/3.3/psoc creator/import/gnu/arm/4.9.3/bin/../lib/gcc/arm-none-eabi/4.9.3/../../../../arm-none-eabi/lib/armv6-m\libg_nano.a(lib_a-impure.o)
 .rodata._global_impure_ptr
                0x00000000        0x4 c:/program files/cypress/psoc creator/3.3/psoc creator/import/gnu/arm/4.9.3/bin/../lib/gcc/arm-none-eabi/4.9.3/../../../../arm-none-eabi/lib/armv6-m\libg_nano.a(lib_a-impure.o)
 .text          0x00000000        0x0 c:/program files/cypress/psoc creator/3.3/psoc creator/import/gnu/arm/4.9.3/bin/../lib/gcc/arm-none-eabi/4.9.3/../../../../arm-none-eabi/lib/armv6-m\libg_nano.a(lib_a-init.o)
 .data          0x00000000        0x0 c:/program files/cypress/psoc creator/3.3/psoc creator/import/gnu/arm/4.9.3/bin/../lib/gcc/arm-none-eabi/4.9.3/../../../../arm-none-eabi/lib/armv6-m\libg_nano.a(lib_a-init.o)
 .bss           0x00000000        0x0 c:/program files/cypress/psoc creator/3.3/psoc creator/import/gnu/arm/4.9.3/bin/../lib/gcc/arm-none-eabi/4.9.3/../../../../arm-none-eabi/lib/armv6-m\libg_nano.a(lib_a-init.o)
 .text          0x00000000        0x0 c:/program files/cypress/psoc creator/3.3/psoc creator/import/gnu/arm/4.9.3/bin/../lib/gcc/arm-none-eabi/4.9.3/../../../../arm-none-eabi/lib/armv6-m\libg_nano.a(lib_a-memcpy.o)
 .data          0x00000000        0x0 c:/program files/cypress/psoc creator/3.3/psoc creator/import/gnu/arm/4.9.3/bin/../lib/gcc/arm-none-eabi/4.9.3/../../../../arm-none-eabi/lib/armv6-m\libg_nano.a(lib_a-memcpy.o)
 .bss           0x00000000        0x0 c:/program files/cypress/psoc creator/3.3/psoc creator/import/gnu/arm/4.9.3/bin/../lib/gcc/arm-none-eabi/4.9.3/../../../../arm-none-eabi/lib/armv6-m\libg_nano.a(lib_a-memcpy.o)
 .text.memcpy   0x00000000       0x12 c:/program files/cypress/psoc creator/3.3/psoc creator/import/gnu/arm/4.9.3/bin/../lib/gcc/arm-none-eabi/4.9.3/../../../../arm-none-eabi/lib/armv6-m\libg_nano.a(lib_a-memcpy.o)
 .text          0x00000000        0x0 c:/program files/cypress/psoc creator/3.3/psoc creator/import/gnu/arm/4.9.3/bin/../lib/gcc/arm-none-eabi/4.9.3/../../../../arm-none-eabi/lib/armv6-m\libg_nano.a(lib_a-memset.o)
 .data          0x00000000        0x0 c:/program files/cypress/psoc creator/3.3/psoc creator/import/gnu/arm/4.9.3/bin/../lib/gcc/arm-none-eabi/4.9.3/../../../../arm-none-eabi/lib/armv6-m\libg_nano.a(lib_a-memset.o)
 .bss           0x00000000        0x0 c:/program files/cypress/psoc creator/3.3/psoc creator/import/gnu/arm/4.9.3/bin/../lib/gcc/arm-none-eabi/4.9.3/../../../../arm-none-eabi/lib/armv6-m\libg_nano.a(lib_a-memset.o)
 .text          0x00000000        0x0 c:/program files/cypress/psoc creator/3.3/psoc creator/import/gnu/arm/4.9.3/bin/../lib/gcc/arm-none-eabi/4.9.3/armv6-m/crtend.o
 .data          0x00000000        0x0 c:/program files/cypress/psoc creator/3.3/psoc creator/import/gnu/arm/4.9.3/bin/../lib/gcc/arm-none-eabi/4.9.3/armv6-m/crtend.o
 .bss           0x00000000        0x0 c:/program files/cypress/psoc creator/3.3/psoc creator/import/gnu/arm/4.9.3/bin/../lib/gcc/arm-none-eabi/4.9.3/armv6-m/crtend.o
 .text          0x00000000        0x0 c:/program files/cypress/psoc creator/3.3/psoc creator/import/gnu/arm/4.9.3/bin/../lib/gcc/arm-none-eabi/4.9.3/armv6-m/crtn.o
 .data          0x00000000        0x0 c:/program files/cypress/psoc creator/3.3/psoc creator/import/gnu/arm/4.9.3/bin/../lib/gcc/arm-none-eabi/4.9.3/armv6-m/crtn.o
 .bss           0x00000000        0x0 c:/program files/cypress/psoc creator/3.3/psoc creator/import/gnu/arm/4.9.3/bin/../lib/gcc/arm-none-eabi/4.9.3/armv6-m/crtn.o

Memory Configuration

Name             Origin             Length             Attributes
rom              0x00000000         0x00008000         xr
ram              0x20000000         0x00001000         xrw
*default*        0x00000000         0xffffffff

Linker script and memory map

LOAD c:/program files/cypress/psoc creator/3.3/psoc creator/import/gnu/arm/4.9.3/bin/../lib/gcc/arm-none-eabi/4.9.3/armv6-m/crti.o
LOAD c:/program files/cypress/psoc creator/3.3/psoc creator/import/gnu/arm/4.9.3/bin/../lib/gcc/arm-none-eabi/4.9.3/armv6-m/crtbegin.o
LOAD c:/program files/cypress/psoc creator/3.3/psoc creator/import/gnu/arm/4.9.3/bin/../lib/gcc/arm-none-eabi/4.9.3/../../../../arm-none-eabi/lib/armv6-m/crt0.o
START GROUP
LOAD .\CortexM0\ARM_GCC_493\Debug\main.o
LOAD .\CortexM0\ARM_GCC_493\Debug\cybootloader.o
LOAD .\CortexM0\ARM_GCC_493\Debug\cymetadata.o
LOAD .\CortexM0\ARM_GCC_493\Debug\Cm0Start.o
LOAD .\CortexM0\ARM_GCC_493\Debug\NRFBridge.a
LOAD C:\Program Files\Cypress\PSoC Creator\3.3\PSoC Creator\psoc\content\cycomponentlibrary\CyComponentLibrary.cylib\CortexM0\ARM_GCC_493\Debug\CyComponentLibrary.a
END GROUP
START GROUP
LOAD c:/program files/cypress/psoc creator/3.3/psoc creator/import/gnu/arm/4.9.3/bin/../lib/gcc/arm-none-eabi/4.9.3/armv6-m\libgcc.a
LOAD c:/program files/cypress/psoc creator/3.3/psoc creator/import/gnu/arm/4.9.3/bin/../lib/gcc/arm-none-eabi/4.9.3/../../../../arm-none-eabi/lib/armv6-m\libg_nano.a
LOAD c:/program files/cypress/psoc creator/3.3/psoc creator/import/gnu/arm/4.9.3/bin/../lib/gcc/arm-none-eabi/4.9.3/../../../../arm-none-eabi/lib/armv6-m\libc_nano.a
END GROUP
START GROUP
LOAD c:/program files/cypress/psoc creator/3.3/psoc creator/import/gnu/arm/4.9.3/bin/../lib/gcc/arm-none-eabi/4.9.3/armv6-m\libgcc.a
LOAD c:/program files/cypress/psoc creator/3.3/psoc creator/import/gnu/arm/4.9.3/bin/../lib/gcc/arm-none-eabi/4.9.3/../../../../arm-none-eabi/lib/armv6-m\libc_nano.a
END GROUP
LOAD c:/program files/cypress/psoc creator/3.3/psoc creator/import/gnu/arm/4.9.3/bin/../lib/gcc/arm-none-eabi/4.9.3/armv6-m/crtend.o
LOAD c:/program files/cypress/psoc creator/3.3/psoc creator/import/gnu/arm/4.9.3/bin/../lib/gcc/arm-none-eabi/4.9.3/armv6-m/crtn.o
START GROUP
LOAD c:/program files/cypress/psoc creator/3.3/psoc creator/import/gnu/arm/4.9.3/bin/../lib/gcc/arm-none-eabi/4.9.3/armv6-m\libgcc.a
LOAD c:/program files/cypress/psoc creator/3.3/psoc creator/import/gnu/arm/4.9.3/bin/../lib/gcc/arm-none-eabi/4.9.3/../../../../arm-none-eabi/lib/armv6-m\libc.a
LOAD c:/program files/cypress/psoc creator/3.3/psoc creator/import/gnu/arm/4.9.3/bin/../lib/gcc/arm-none-eabi/4.9.3/../../../../arm-none-eabi/lib/armv6-m\libnosys.a
END GROUP
                0x00000000                CY_APPL_ORIGIN = 0x0
                0x00000080                CY_FLASH_ROW_SIZE = 0x80
                0x00000001                CY_APPL_NUM = 0x1
                0x00000001                CY_APPL_MAX = 0x1
                0x00000040                CY_METADATA_SIZE = 0x40
                0x00000001                CY_APPL_LOADABLE = 0x1
                0x00000000                CY_CHECKSUM_EXCLUDE_SIZE = ALIGN (0x0, CY_FLASH_ROW_SIZE)
                0x00000000                CY_APP_FOR_STACK_AND_COPIER = 0x0
                0x20000128                PROVIDE (__cy_heap_start, _end)
                0x00000001                PROVIDE (__cy_region_num, ((__cy_regions_end - __cy_regions) / 0x10))
                0x20001000                PROVIDE (__cy_stack, (ORIGIN (ram) + 0x1000))
                0x20000c00                PROVIDE (__cy_heap_end, (__cy_stack - 0x400))

.cybootloader   0x00000000     0x2300
 *(.cybootloader)
 .cybootloader  0x00000000     0x2300 .\CortexM0\ARM_GCC_493\Debug\cybootloader.o
                0x00000000                cy_bootloader
                0x00002300                appl1_start = CY_APPL_ORIGIN?CY_APPL_ORIGIN:ALIGN (CY_FLASH_ROW_SIZE)
                0x00005100                appl2_start = (appl1_start + ALIGN ((((0x8000 - appl1_start) - (0x2 * CY_FLASH_ROW_SIZE)) / 0x2), CY_FLASH_ROW_SIZE))
                0x00002300                appl_start = (CY_APPL_NUM == 0x1)?appl1_start:appl2_start
                0x00000000                cy_project_type_bootloader = (appl_start == 0x0)?0x1:0x0
                0x00000000                cy_project_type_app_for_stack_and_copier = (CY_APP_FOR_STACK_AND_COPIER == 0x1)?0x1:0x0

.text           0x00002300      0x864
 CREATE_OBJECT_SYMBOLS
                0x00002300                PROVIDE (__cy_interrupt_vector, RomVectors)
 *(.romvectors)
 .romvectors    0x00002300       0x10 .\CortexM0\ARM_GCC_493\Debug\Cm0Start.o
                0x00002300                RomVectors
                0x00000001                ASSERT ((. != __cy_interrupt_vector), No interrupt vector)
                0x00000001                ASSERT (CY_APPL_ORIGIN?(SIZEOF (.cybootloader) <= CY_APPL_ORIGIN):0x1, Wrong image location)
                0x00002310                PROVIDE (__cy_reset, Reset)
 *(.text.Reset)
 .text.Reset    0x00002310       0x10 .\CortexM0\ARM_GCC_493\Debug\Cm0Start.o
                0x00002310                Reset
                0x00000001                ASSERT ((. != __cy_reset), No reset code)
 *(.psocinit)
 .psocinit      0x00002320      0x1d8 .\CortexM0\ARM_GCC_493\Debug\NRFBridge.a(cyfitter_cfg.o)
                0x000023c0                cyfitter_cfg
                0x000024f8                . = MAX (., 0x100)
 *(.text .text.* .gnu.linkonce.t.*)
 .text          0x000024f8       0x60 c:/program files/cypress/psoc creator/3.3/psoc creator/import/gnu/arm/4.9.3/bin/../lib/gcc/arm-none-eabi/4.9.3/armv6-m/crtbegin.o
 .text.main     0x00002558       0x24 .\CortexM0\ARM_GCC_493\Debug\main.o
                0x00002558                main
 .text.IntDefaultHandler
                0x0000257c        0x4 .\CortexM0\ARM_GCC_493\Debug\Cm0Start.o
                0x0000257c                IntDefaultHandler
 .text.Start_c  0x00002580       0x48 .\CortexM0\ARM_GCC_493\Debug\Cm0Start.o
                0x00002580                Start_c
 .text.initialize_psoc
                0x000025c8       0x58 .\CortexM0\ARM_GCC_493\Debug\Cm0Start.o
                0x000025c8                initialize_psoc
 .text.cfg_write_bytes32
                0x00002620       0x34 .\CortexM0\ARM_GCC_493\Debug\NRFBridge.a(cyfitter_cfg.o)
 .text.CYMEMZERO
                0x00002654        0xc .\CortexM0\ARM_GCC_493\Debug\NRFBridge.a(cyfitter_cfg.o)
 .text.Bootloadable_Load
                0x00002660       0x14 .\CortexM0\ARM_GCC_493\Debug\NRFBridge.a(Bootloadable.o)
                0x00002660                Bootloadable_Load
 .text.UART_ScbModePostEnable
                0x00002674        0x8 .\CortexM0\ARM_GCC_493\Debug\NRFBridge.a(UART.o)
 .text.UART_Init
                0x0000267c        0x8 .\CortexM0\ARM_GCC_493\Debug\NRFBridge.a(UART.o)
                0x0000267c                UART_Init
 .text.UART_Enable
                0x00002684       0x18 .\CortexM0\ARM_GCC_493\Debug\NRFBridge.a(UART.o)
                0x00002684                UART_Enable
 .text.UART_Start
                0x0000269c       0x20 .\CortexM0\ARM_GCC_493\Debug\NRFBridge.a(UART.o)
                0x0000269c                UART_Start
 .text.UART_SpiUartWriteTxData
                0x000026bc       0x1c .\CortexM0\ARM_GCC_493\Debug\NRFBridge.a(UART_SPI_UART.o)
                0x000026bc                UART_SpiUartWriteTxData
 .text.UART_SpiUartPutArray
                0x000026d8       0x18 .\CortexM0\ARM_GCC_493\Debug\NRFBridge.a(UART_SPI_UART.o)
                0x000026d8                UART_SpiUartPutArray
 .text.UART_UartInit
                0x000026f0       0x90 .\CortexM0\ARM_GCC_493\Debug\NRFBridge.a(UART_UART.o)
                0x000026f0                UART_UartInit
 .text.UART_UartPostEnable
                0x00002780       0x14 .\CortexM0\ARM_GCC_493\Debug\NRFBridge.a(UART_UART.o)
                0x00002780                UART_UartPostEnable
 .text.CyIntEnable
                0x00002794       0x14 .\CortexM0\ARM_GCC_493\Debug\NRFBridge.a(CyLib.o)
                0x00002794                CyIntEnable
 .text.CyHalt   0x000027a8        0x4 .\CortexM0\ARM_GCC_493\Debug\NRFBridge.a(CyLib.o)
                0x000027a8                CyHalt
 .text.CyIntSetVector
                0x000027ac       0x24 .\CortexM0\ARM_GCC_493\Debug\NRFBridge.a(CyLib.o)
                0x000027ac                CyIntSetVector
 .text.CySoftwareReset
                0x000027d0       0x18 .\CortexM0\ARM_GCC_493\Debug\NRFBridge.a(CyLib.o)
                0x000027d0                CySoftwareReset
 .text.CyDelay  0x000027e8       0x30 .\CortexM0\ARM_GCC_493\Debug\NRFBridge.a(CyLib.o)
                0x000027e8                CyDelay
 .text.CyDelayUs
                0x00002818       0x14 .\CortexM0\ARM_GCC_493\Debug\NRFBridge.a(CyLib.o)
                0x00002818                CyDelayUs
 .text.CySysClkWriteImoFreq
                0x0000282c      0x164 .\CortexM0\ARM_GCC_493\Debug\NRFBridge.a(CyLib.o)
                0x0000282c                CySysClkWriteImoFreq
 .text.CySysWdtLocked
                0x00002990       0x14 .\CortexM0\ARM_GCC_493\Debug\NRFBridge.a(CyLFClk.o)
 .text.CySysWdtLock
                0x000029a4       0x1c .\CortexM0\ARM_GCC_493\Debug\NRFBridge.a(CyLFClk.o)
                0x000029a4                CySysWdtLock
 .text.CySysWdtUnlock
                0x000029c0       0x30 .\CortexM0\ARM_GCC_493\Debug\NRFBridge.a(CyLFClk.o)
                0x000029c0                CySysWdtUnlock
 .text.CySysWdtClearInterrupt
                0x000029f0       0x4c .\CortexM0\ARM_GCC_493\Debug\NRFBridge.a(CyLFClk.o)
                0x000029f0                CySysWdtClearInterrupt
 .text.CySysWdtIsr
                0x00002a3c       0xa4 .\CortexM0\ARM_GCC_493\Debug\NRFBridge.a(CyLFClk.o)
                0x00002a3c                CySysWdtIsr
 .text          0x00002ae0       0x28 .\CortexM0\ARM_GCC_493\Debug\NRFBridge.a(CyBootAsmGnu.o)
                0x00002ae0                CyDelayCycles
                0x00002af4                CyEnterCriticalSection
                0x00002afc                CyExitCriticalSection
 .text.__libc_init_array
                0x00002b08       0x4c c:/program files/cypress/psoc creator/3.3/psoc creator/import/gnu/arm/4.9.3/bin/../lib/gcc/arm-none-eabi/4.9.3/../../../../arm-none-eabi/lib/armv6-m\libg_nano.a(lib_a-init.o)
                0x00002b08                __libc_init_array
 .text.memset   0x00002b54       0x10 c:/program files/cypress/psoc creator/3.3/psoc creator/import/gnu/arm/4.9.3/bin/../lib/gcc/arm-none-eabi/4.9.3/../../../../arm-none-eabi/lib/armv6-m\libg_nano.a(lib_a-memset.o)
                0x00002b54                memset
 *(.plt)
 *(.gnu.warning)
 *(.glue_7t)
 .glue_7t       0x00000000        0x0 linker stubs
 *(.glue_7)
 .glue_7        0x00000000        0x0 linker stubs
 *(.vfp11_veneer)
 .vfp11_veneer  0x00000000        0x0 linker stubs
 *(.bootloader)
 *(.ARM.extab* .gnu.linkonce.armextab.*)
 *(.gcc_except_table)

.v4_bx          0x00002b64        0x0
 .v4_bx         0x00000000        0x0 linker stubs

.iplt           0x00002b64        0x0
 .iplt          0x00000000        0x0 c:/program files/cypress/psoc creator/3.3/psoc creator/import/gnu/arm/4.9.3/bin/../lib/gcc/arm-none-eabi/4.9.3/armv6-m/crtbegin.o

.eh_frame_hdr
 *(.eh_frame_hdr)

.eh_frame       0x00002b64        0x4
 *(.eh_frame)
 .eh_frame      0x00002b64        0x0 c:/program files/cypress/psoc creator/3.3/psoc creator/import/gnu/arm/4.9.3/bin/../lib/gcc/arm-none-eabi/4.9.3/armv6-m/crtbegin.o
 .eh_frame      0x00002b64        0x4 c:/program files/cypress/psoc creator/3.3/psoc creator/import/gnu/arm/4.9.3/bin/../lib/gcc/arm-none-eabi/4.9.3/armv6-m/crtend.o
                0x00002b68                PROVIDE (__exidx_start, .)

.ARM.exidx
 *(.ARM.exidx* .gnu.linkonce.armexidx.*)
                0x00002b68                __exidx_end = .

.rodata         0x00002b68       0xd8
 *(.rodata .rodata.* .gnu.linkonce.r.*)
 .rodata.str1.4
                0x00002b68        0x8 .\CortexM0\ARM_GCC_493\Debug\main.o
 .rodata        0x00002b70       0x68 .\CortexM0\ARM_GCC_493\Debug\NRFBridge.a(cyfitter_cfg.o)
 .rodata        0x00002bd8       0x30 .\CortexM0\ARM_GCC_493\Debug\NRFBridge.a(CyLib.o)
                0x00002bd8                cyImoFreqMhz2Reg
                0x00002c08                . = ALIGN (0x4)
 *(.init)
 .init          0x00002c08        0x4 c:/program files/cypress/psoc creator/3.3/psoc creator/import/gnu/arm/4.9.3/bin/../lib/gcc/arm-none-eabi/4.9.3/armv6-m/crti.o
                0x00002c08                _init
 .init          0x00002c0c        0x8 c:/program files/cypress/psoc creator/3.3/psoc creator/import/gnu/arm/4.9.3/bin/../lib/gcc/arm-none-eabi/4.9.3/armv6-m/crtn.o
                0x00002c14                . = ALIGN (0x4)
                0x00002c14                __preinit_array_start = .
 *(.preinit_array)
                0x00002c14                __preinit_array_end = .
                0x00002c14                . = ALIGN (0x4)
                0x00002c14                __init_array_start = .
 *(SORT(.init_array.*))
 *(.init_array)
 .init_array    0x00002c14        0x4 c:/program files/cypress/psoc creator/3.3/psoc creator/import/gnu/arm/4.9.3/bin/../lib/gcc/arm-none-eabi/4.9.3/armv6-m/crtbegin.o
 .init_array    0x00002c18        0x4 .\CortexM0\ARM_GCC_493\Debug\Cm0Start.o
                0x00002c1c                __init_array_end = .
                0x00002c1c                . = ALIGN (0x4)
 *(.fini)
 .fini          0x00002c1c        0x4 c:/program files/cypress/psoc creator/3.3/psoc creator/import/gnu/arm/4.9.3/bin/../lib/gcc/arm-none-eabi/4.9.3/armv6-m/crti.o
                0x00002c1c                _fini
 .fini          0x00002c20        0x8 c:/program files/cypress/psoc creator/3.3/psoc creator/import/gnu/arm/4.9.3/bin/../lib/gcc/arm-none-eabi/4.9.3/armv6-m/crtn.o
                0x00002c28                . = ALIGN (0x4)
                0x00002c28                __fini_array_start = .
 *(.fini_array)
 .fini_array    0x00002c28        0x4 c:/program files/cypress/psoc creator/3.3/psoc creator/import/gnu/arm/4.9.3/bin/../lib/gcc/arm-none-eabi/4.9.3/armv6-m/crtbegin.o
 *(SORT(.fini_array.*))
                0x00002c2c                __fini_array_end = .
                0x00002c2c                . = ALIGN (0x4)
 *crtbegin.o(.ctors)
 *(EXCLUDE_FILE(*crtend.o) .ctors)
 *(SORT(.ctors.*))
 *crtend.o(.ctors)
                0x00002c2c                . = ALIGN (0x4)
 *crtbegin.o(.dtors)
 *(EXCLUDE_FILE(*crtend.o) .dtors)
 *(SORT(.dtors.*))
 *crtend.o(.dtors)
                0x00002c2c                . = ALIGN (0x4)
                0x00002c2c                __cy_regions = .
                0x00002c2c        0x4 LONG 0x2c40 __cy_region_init_ram
                0x00002c30        0x4 LONG 0x200000d0 __cy_region_start_data
                0x00002c34        0x4 LONG 0x18 __cy_region_init_size_ram
                0x00002c38        0x4 LONG 0x40 __cy_region_zero_size_ram
                0x00002c3c                __cy_regions_end = .
                0x00002c40                . = ALIGN (0x8)
 *fill*         0x00002c3c        0x4 
                0x00002c40                _etext = .

.ramvectors     0x20000000       0xc0
                0x20000000                __cy_region_start_ram = .
 *(.ramvectors)
 .ramvectors    0x20000000       0xc0 .\CortexM0\ARM_GCC_493\Debug\Cm0Start.o
                0x20000000                CyRamVectors

.btldr_run      0x200000c0        0x4
 *(.bootloaderruntype)
 .bootloaderruntype
                0x200000c0        0x4 .\CortexM0\ARM_GCC_493\Debug\Cm0Start.o
                0x200000c0                cyBtldrRunType

.noinit         0x200000c8        0x4
 *(.noinit)
 .noinit        0x200000c8        0x4 .\CortexM0\ARM_GCC_493\Debug\Cm0Start.o

.data           0x200000d0       0x18 load address 0x00002c40
                0x200000d0                __cy_region_start_data = .
 *(.jcr)
 .jcr           0x200000d0        0x0 c:/program files/cypress/psoc creator/3.3/psoc creator/import/gnu/arm/4.9.3/bin/../lib/gcc/arm-none-eabi/4.9.3/armv6-m/crtbegin.o
 .jcr           0x200000d0        0x4 c:/program files/cypress/psoc creator/3.3/psoc creator/import/gnu/arm/4.9.3/bin/../lib/gcc/arm-none-eabi/4.9.3/armv6-m/crtend.o
 *(.got.plt)
 *(.got)
 *(.shdata)
 *(.data .data.* .gnu.linkonce.d.*)
 .data          0x200000d4       0x10 .\CortexM0\ARM_GCC_493\Debug\NRFBridge.a(CyLib.o)
                0x200000d4                cydelay32kMs
                0x200000d8                cydelayFreqKhz
                0x200000dc                cydelayFreqMhz
                0x200000e0                cydelayFreqHz
 .data          0x200000e4        0x4 .\CortexM0\ARM_GCC_493\Debug\NRFBridge.a(CyLFClk.o)
                0x200000e8                . = ALIGN (0x8)
 *(.ram)
                0x200000e8                _edata = .

.igot.plt       0x200000e8        0x0 load address 0x00002c58
 .igot.plt      0x00000000        0x0 c:/program files/cypress/psoc creator/3.3/psoc creator/import/gnu/arm/4.9.3/bin/../lib/gcc/arm-none-eabi/4.9.3/armv6-m/crtbegin.o

.bss            0x200000e8       0x40 load address 0x00002c58
                0x200000e8                PROVIDE (__bss_start__, .)
 *(.shbss)
 *(.bss .bss.* .gnu.linkonce.b.*)
 .bss           0x200000e8       0x1c c:/program files/cypress/psoc creator/3.3/psoc creator/import/gnu/arm/4.9.3/bin/../lib/gcc/arm-none-eabi/4.9.3/armv6-m/crtbegin.o
 .bss           0x20000104        0x1 .\CortexM0\ARM_GCC_493\Debug\NRFBridge.a(UART.o)
                0x20000104                UART_initVar
 *fill*         0x20000105        0x3 
 .bss           0x20000108       0x1c .\CortexM0\ARM_GCC_493\Debug\NRFBridge.a(CyLFClk.o)
 *(COMMON)
                0x20000128                . = ALIGN (0x8)
 *fill*         0x20000124        0x4 
 *(.ram.b)
                0x20000128                _end = .
                0x20000128                __end = .
                0x20000128                PROVIDE (end, .)
                0x20000128                PROVIDE (__bss_end__, .)
                0x00002c40                __cy_region_init_ram = LOADADDR (.data)
                0x00000018                __cy_region_init_size_ram = (_edata - ADDR (.data))
                0x00000040                __cy_region_zero_size_ram = (_end - _edata)

.heap           0x20000128       0x80 load address 0x00002c58
                0x20000128                . = _end
                0x200001a8                . = (. + 0x80)
 *fill*         0x20000128       0x80 
                0x200001a8                __cy_heap_limit = .

.stack          0x20000c00      0x400
                0x20000c00                __cy_stack_limit = .
                0x20001000                . = (. + 0x400)
 *fill*         0x20000c00      0x400 
                0x00000001                ASSERT ((__cy_stack_limit >= __cy_heap_limit), region RAM overflowed with stack)

.cy_checksum_exclude
                0x00007f80        0x0
 *(.cy_checksum_exclude)
                0x00000000                cy_checksum_exclude_size = (CY_APPL_LOADABLE == 0x1)?SIZEOF (.cy_checksum_exclude):0x0
                0x00000001                ASSERT ((cy_checksum_exclude_size <= CY_CHECKSUM_EXCLUDE_SIZE), CY_BOOT: Section .cy_checksum_exclude size exceedes specified limit.)
                0xf0000000                cyloadermeta_start = (cy_project_type_bootloader || cy_project_type_app_for_stack_and_copier)?(0x8000 - CY_METADATA_SIZE):0xf0000000

.cyloadermeta   0xf0000000       0x40
 *(.cyloadermeta)
 .cyloadermeta  0xf0000000       0x40 .\CortexM0\ARM_GCC_493\Debug\cybootloader.o
                0xf0000000                cy_meta_loader
                0x00007fc0                cyloadablemeta_start = cy_project_type_app_for_stack_and_copier?((0x8000 - CY_FLASH_ROW_SIZE) - CY_METADATA_SIZE):((0x8000 - (CY_FLASH_ROW_SIZE * (CY_APPL_NUM - 0x1))) - CY_METADATA_SIZE)

.cyloadablemeta
                0x00007fc0       0x40
 *(.cyloadablemeta)
 .cyloadablemeta
                0x00007fc0       0x40 .\CortexM0\ARM_GCC_493\Debug\cymetadata.o
                0x00007fc0                cy_meta_loadable

.cyflashprotect
                0x90400000       0x20
 *(.cyflashprotect)
 .cyflashprotect
                0x90400000       0x20 .\CortexM0\ARM_GCC_493\Debug\cybootloader.o
                0x90400000                cy_meta_flashprotect

.cymeta         0x90500000        0xc
 *(.cymeta)
 .cymeta        0x90500000        0xc .\CortexM0\ARM_GCC_493\Debug\cybootloader.o
                0x90500000                cy_metadata

.cychipprotect  0x90600000        0x4
 *(.cychipprotect)
 .cychipprotect
                0x90600000        0x4 .\CortexM0\ARM_GCC_493\Debug\cybootloader.o
                0x90600000                cy_meta_chipprotect

.rel.dyn        0x00008000        0x0 load address 0x90600004
 .rel.iplt      0x00000000        0x0 c:/program files/cypress/psoc creator/3.3/psoc creator/import/gnu/arm/4.9.3/bin/../lib/gcc/arm-none-eabi/4.9.3/armv6-m/crtbegin.o

.stab
 *(.stab)

.stabstr
 *(.stabstr)

.debug
 *(.debug)

.line
 *(.line)

.debug_srcinfo
 *(.debug_srcinfo)

.debug_sfnames
 *(.debug_sfnames)

.debug_aranges  0x00000000      0x500
 *(.debug_aranges)
 .debug_aranges
                0x00000000       0x20 .\CortexM0\ARM_GCC_493\Debug\main.o
 .debug_aranges
                0x00000020       0x18 .\CortexM0\ARM_GCC_493\Debug\cybootloader.o
 .debug_aranges
                0x00000038       0x18 .\CortexM0\ARM_GCC_493\Debug\cymetadata.o
 .debug_aranges
                0x00000050       0x48 .\CortexM0\ARM_GCC_493\Debug\Cm0Start.o
 .debug_aranges
                0x00000098       0x38 .\CortexM0\ARM_GCC_493\Debug\NRFBridge.a(cyfitter_cfg.o)
 .debug_aranges
                0x000000d0       0x28 .\CortexM0\ARM_GCC_493\Debug\NRFBridge.a(Bootloadable.o)
 .debug_aranges
                0x000000f8       0x60 .\CortexM0\ARM_GCC_493\Debug\NRFBridge.a(UART.o)
 .debug_aranges
                0x00000158       0x60 .\CortexM0\ARM_GCC_493\Debug\NRFBridge.a(UART_SPI_UART.o)
 .debug_aranges
                0x000001b8       0x60 .\CortexM0\ARM_GCC_493\Debug\NRFBridge.a(UART_UART.o)
 .debug_aranges
                0x00000218       0x38 .\CortexM0\ARM_GCC_493\Debug\NRFBridge.a(CyFlash.o)
 .debug_aranges
                0x00000250      0x170 .\CortexM0\ARM_GCC_493\Debug\NRFBridge.a(CyLib.o)
 .debug_aranges
                0x000003c0      0x120 .\CortexM0\ARM_GCC_493\Debug\NRFBridge.a(CyLFClk.o)
 .debug_aranges
                0x000004e0       0x20 .\CortexM0\ARM_GCC_493\Debug\NRFBridge.a(CyBootAsmGnu.o)

.debug_pubnames
 *(.debug_pubnames)

.debug_info     0x00000000     0x2d6c
 *(.debug_info .gnu.linkonce.wi.*)
 .debug_info    0x00000000      0x138 .\CortexM0\ARM_GCC_493\Debug\main.o
 .debug_info    0x00000138      0x14d .\CortexM0\ARM_GCC_493\Debug\cybootloader.o
 .debug_info    0x00000285       0xb1 .\CortexM0\ARM_GCC_493\Debug\cymetadata.o
 .debug_info    0x00000336      0x39b .\CortexM0\ARM_GCC_493\Debug\Cm0Start.o
 .debug_info    0x000006d1      0x3ba .\CortexM0\ARM_GCC_493\Debug\NRFBridge.a(cyfitter_cfg.o)
 .debug_info    0x00000a8b      0x1b0 .\CortexM0\ARM_GCC_493\Debug\NRFBridge.a(Bootloadable.o)
 .debug_info    0x00000c3b      0x21a .\CortexM0\ARM_GCC_493\Debug\NRFBridge.a(UART.o)
 .debug_info    0x00000e55      0x215 .\CortexM0\ARM_GCC_493\Debug\NRFBridge.a(UART_SPI_UART.o)
 .debug_info    0x0000106a      0x2ab .\CortexM0\ARM_GCC_493\Debug\NRFBridge.a(UART_UART.o)
 .debug_info    0x00001315      0x363 .\CortexM0\ARM_GCC_493\Debug\NRFBridge.a(CyFlash.o)
 .debug_info    0x00001678      0xa61 .\CortexM0\ARM_GCC_493\Debug\NRFBridge.a(CyLib.o)
 .debug_info    0x000020d9      0xc20 .\CortexM0\ARM_GCC_493\Debug\NRFBridge.a(CyLFClk.o)
 .debug_info    0x00002cf9       0x73 .\CortexM0\ARM_GCC_493\Debug\NRFBridge.a(CyBootAsmGnu.o)

.debug_abbrev   0x00000000     0x1036
 *(.debug_abbrev)
 .debug_abbrev  0x00000000       0xce .\CortexM0\ARM_GCC_493\Debug\main.o
 .debug_abbrev  0x000000ce       0x77 .\CortexM0\ARM_GCC_493\Debug\cybootloader.o
 .debug_abbrev  0x00000145       0x5d .\CortexM0\ARM_GCC_493\Debug\cymetadata.o
 .debug_abbrev  0x000001a2      0x20f .\CortexM0\ARM_GCC_493\Debug\Cm0Start.o
 .debug_abbrev  0x000003b1      0x1d5 .\CortexM0\ARM_GCC_493\Debug\NRFBridge.a(cyfitter_cfg.o)
 .debug_abbrev  0x00000586      0x116 .\CortexM0\ARM_GCC_493\Debug\NRFBridge.a(Bootloadable.o)
 .debug_abbrev  0x0000069c       0xfa .\CortexM0\ARM_GCC_493\Debug\NRFBridge.a(UART.o)
 .debug_abbrev  0x00000796      0x176 .\CortexM0\ARM_GCC_493\Debug\NRFBridge.a(UART_SPI_UART.o)
 .debug_abbrev  0x0000090c      0x139 .\CortexM0\ARM_GCC_493\Debug\NRFBridge.a(UART_UART.o)
 .debug_abbrev  0x00000a45      0x1aa .\CortexM0\ARM_GCC_493\Debug\NRFBridge.a(CyFlash.o)
 .debug_abbrev  0x00000bef      0x20d .\CortexM0\ARM_GCC_493\Debug\NRFBridge.a(CyLib.o)
 .debug_abbrev  0x00000dfc      0x226 .\CortexM0\ARM_GCC_493\Debug\NRFBridge.a(CyLFClk.o)
 .debug_abbrev  0x00001022       0x14 .\CortexM0\ARM_GCC_493\Debug\NRFBridge.a(CyBootAsmGnu.o)

.debug_line     0x00000000     0x1365
 *(.debug_line)
 .debug_line    0x00000000       0xa4 .\CortexM0\ARM_GCC_493\Debug\main.o
 .debug_line    0x000000a4       0x55 .\CortexM0\ARM_GCC_493\Debug\cybootloader.o
 .debug_line    0x000000f9       0x53 .\CortexM0\ARM_GCC_493\Debug\cymetadata.o
 .debug_line    0x0000014c      0x23d .\CortexM0\ARM_GCC_493\Debug\Cm0Start.o
 .debug_line    0x00000389      0x166 .\CortexM0\ARM_GCC_493\Debug\NRFBridge.a(cyfitter_cfg.o)
 .debug_line    0x000004ef       0xbc .\CortexM0\ARM_GCC_493\Debug\NRFBridge.a(Bootloadable.o)
 .debug_line    0x000005ab      0x140 .\CortexM0\ARM_GCC_493\Debug\NRFBridge.a(UART.o)
 .debug_line    0x000006eb      0x133 .\CortexM0\ARM_GCC_493\Debug\NRFBridge.a(UART_SPI_UART.o)
 .debug_line    0x0000081e      0x154 .\CortexM0\ARM_GCC_493\Debug\NRFBridge.a(UART_UART.o)
 .debug_line    0x00000972      0x160 .\CortexM0\ARM_GCC_493\Debug\NRFBridge.a(CyFlash.o)
 .debug_line    0x00000ad2      0x42c .\CortexM0\ARM_GCC_493\Debug\NRFBridge.a(CyLib.o)
 .debug_line    0x00000efe      0x3fe .\CortexM0\ARM_GCC_493\Debug\NRFBridge.a(CyLFClk.o)
 .debug_line    0x000012fc       0x69 .\CortexM0\ARM_GCC_493\Debug\NRFBridge.a(CyBootAsmGnu.o)

.debug_frame    0x00000000      0xc98
 *(.debug_frame)
 .debug_frame   0x00000000       0x2c .\CortexM0\ARM_GCC_493\Debug\main.o
 .debug_frame   0x0000002c       0xb0 .\CortexM0\ARM_GCC_493\Debug\Cm0Start.o
 .debug_frame   0x000000dc       0x88 .\CortexM0\ARM_GCC_493\Debug\NRFBridge.a(cyfitter_cfg.o)
 .debug_frame   0x00000164       0x50 .\CortexM0\ARM_GCC_493\Debug\NRFBridge.a(Bootloadable.o)
 .debug_frame   0x000001b4       0xe8 .\CortexM0\ARM_GCC_493\Debug\NRFBridge.a(UART.o)
 .debug_frame   0x0000029c       0xb0 .\CortexM0\ARM_GCC_493\Debug\NRFBridge.a(UART_SPI_UART.o)
 .debug_frame   0x0000034c       0xe0 .\CortexM0\ARM_GCC_493\Debug\NRFBridge.a(UART_UART.o)
 .debug_frame   0x0000042c       0x74 .\CortexM0\ARM_GCC_493\Debug\NRFBridge.a(CyFlash.o)
 .debug_frame   0x000004a0      0x3b4 .\CortexM0\ARM_GCC_493\Debug\NRFBridge.a(CyLib.o)
 .debug_frame   0x00000854      0x368 .\CortexM0\ARM_GCC_493\Debug\NRFBridge.a(CyLFClk.o)
 .debug_frame   0x00000bbc       0x20 c:/program files/cypress/psoc creator/3.3/psoc creator/import/gnu/arm/4.9.3/bin/../lib/gcc/arm-none-eabi/4.9.3/armv6-m\libgcc.a(_udivsi3.o)
 .debug_frame   0x00000bdc       0x20 c:/program files/cypress/psoc creator/3.3/psoc creator/import/gnu/arm/4.9.3/bin/../lib/gcc/arm-none-eabi/4.9.3/../../../../arm-none-eabi/lib/armv6-m\libg_nano.a(lib_a-errno.o)
 .debug_frame   0x00000bfc       0x28 c:/program files/cypress/psoc creator/3.3/psoc creator/import/gnu/arm/4.9.3/bin/../lib/gcc/arm-none-eabi/4.9.3/../../../../arm-none-eabi/lib/armv6-m\libg_nano.a(lib_a-exit.o)
 .debug_frame   0x00000c24       0x2c c:/program files/cypress/psoc creator/3.3/psoc creator/import/gnu/arm/4.9.3/bin/../lib/gcc/arm-none-eabi/4.9.3/../../../../arm-none-eabi/lib/armv6-m\libg_nano.a(lib_a-init.o)
 .debug_frame   0x00000c50       0x28 c:/program files/cypress/psoc creator/3.3/psoc creator/import/gnu/arm/4.9.3/bin/../lib/gcc/arm-none-eabi/4.9.3/../../../../arm-none-eabi/lib/armv6-m\libg_nano.a(lib_a-memcpy.o)
 .debug_frame   0x00000c78       0x20 c:/program files/cypress/psoc creator/3.3/psoc creator/import/gnu/arm/4.9.3/bin/../lib/gcc/arm-none-eabi/4.9.3/../../../../arm-none-eabi/lib/armv6-m\libg_nano.a(lib_a-memset.o)

.debug_str      0x00000000     0x11f8
 *(.debug_str)
 .debug_str     0x00000000      0x16c .\CortexM0\ARM_GCC_493\Debug\main.o
                                0x1a5 (size before relaxing)
 .debug_str     0x0000016c       0x7a .\CortexM0\ARM_GCC_493\Debug\cybootloader.o
                                0x1d0 (size before relaxing)
 .debug_str     0x000001e6       0x37 .\CortexM0\ARM_GCC_493\Debug\cymetadata.o
                                0x18d (size before relaxing)
 .debug_str     0x0000021d      0x16b .\CortexM0\ARM_GCC_493\Debug\Cm0Start.o
                                0x2e7 (size before relaxing)
 .debug_str     0x00000388       0xfc .\CortexM0\ARM_GCC_493\Debug\NRFBridge.a(cyfitter_cfg.o)
                                0x2a9 (size before relaxing)
 .debug_str     0x00000484       0x84 .\CortexM0\ARM_GCC_493\Debug\NRFBridge.a(Bootloadable.o)
                                0x21a (size before relaxing)
 .debug_str     0x00000508      0x105 .\CortexM0\ARM_GCC_493\Debug\NRFBridge.a(UART.o)
                                0x273 (size before relaxing)
 .debug_str     0x0000060d      0x122 .\CortexM0\ARM_GCC_493\Debug\NRFBridge.a(UART_SPI_UART.o)
                                0x2a5 (size before relaxing)
 .debug_str     0x0000072f       0xdb .\CortexM0\ARM_GCC_493\Debug\NRFBridge.a(UART_UART.o)
                                0x2c2 (size before relaxing)
 .debug_str     0x0000080a      0x172 .\CortexM0\ARM_GCC_493\Debug\NRFBridge.a(CyFlash.o)
                                0x305 (size before relaxing)
 .debug_str     0x0000097c      0x40b .\CortexM0\ARM_GCC_493\Debug\NRFBridge.a(CyLib.o)
                                0x62c (size before relaxing)
 .debug_str     0x00000d87      0x471 .\CortexM0\ARM_GCC_493\Debug\NRFBridge.a(CyLFClk.o)
                                0x636 (size before relaxing)

.debug_loc      0x00000000     0x151a
 *(.debug_loc)
 .debug_loc     0x00000000      0x14f .\CortexM0\ARM_GCC_493\Debug\Cm0Start.o
 .debug_loc     0x0000014f      0x118 .\CortexM0\ARM_GCC_493\Debug\NRFBridge.a(cyfitter_cfg.o)
 .debug_loc     0x00000267       0xf9 .\CortexM0\ARM_GCC_493\Debug\NRFBridge.a(Bootloadable.o)
 .debug_loc     0x00000360       0x7e .\CortexM0\ARM_GCC_493\Debug\NRFBridge.a(UART.o)
 .debug_loc     0x000003de       0x96 .\CortexM0\ARM_GCC_493\Debug\NRFBridge.a(UART_SPI_UART.o)
 .debug_loc     0x00000474      0x173 .\CortexM0\ARM_GCC_493\Debug\NRFBridge.a(UART_UART.o)
 .debug_loc     0x000005e7      0x220 .\CortexM0\ARM_GCC_493\Debug\NRFBridge.a(CyFlash.o)
 .debug_loc     0x00000807      0x534 .\CortexM0\ARM_GCC_493\Debug\NRFBridge.a(CyLib.o)
 .debug_loc     0x00000d3b      0x7df .\CortexM0\ARM_GCC_493\Debug\NRFBridge.a(CyLFClk.o)

.debug_macinfo
 *(.debug_macinfo)

.debug_ranges   0x00000000      0x410
 *(.debug_ranges)
 .debug_ranges  0x00000000       0x10 .\CortexM0\ARM_GCC_493\Debug\main.o
 .debug_ranges  0x00000010       0x38 .\CortexM0\ARM_GCC_493\Debug\Cm0Start.o
 .debug_ranges  0x00000048       0x28 .\CortexM0\ARM_GCC_493\Debug\NRFBridge.a(cyfitter_cfg.o)
 .debug_ranges  0x00000070       0x18 .\CortexM0\ARM_GCC_493\Debug\NRFBridge.a(Bootloadable.o)
 .debug_ranges  0x00000088       0x50 .\CortexM0\ARM_GCC_493\Debug\NRFBridge.a(UART.o)
 .debug_ranges  0x000000d8       0x50 .\CortexM0\ARM_GCC_493\Debug\NRFBridge.a(UART_SPI_UART.o)
 .debug_ranges  0x00000128       0x50 .\CortexM0\ARM_GCC_493\Debug\NRFBridge.a(UART_UART.o)
 .debug_ranges  0x00000178       0x28 .\CortexM0\ARM_GCC_493\Debug\NRFBridge.a(CyFlash.o)
 .debug_ranges  0x000001a0      0x160 .\CortexM0\ARM_GCC_493\Debug\NRFBridge.a(CyLib.o)
 .debug_ranges  0x00000300      0x110 .\CortexM0\ARM_GCC_493\Debug\NRFBridge.a(CyLFClk.o)

.comment        0x00000000       0x70
 .comment       0x00000000       0x70 .\CortexM0\ARM_GCC_493\Debug\main.o
                                 0x71 (size before relaxing)
 .comment       0x00000000       0x71 .\CortexM0\ARM_GCC_493\Debug\cybootloader.o
 .comment       0x00000000       0x71 .\CortexM0\ARM_GCC_493\Debug\cymetadata.o
 .comment       0x00000000       0x71 .\CortexM0\ARM_GCC_493\Debug\Cm0Start.o
 .comment       0x00000000       0x71 .\CortexM0\ARM_GCC_493\Debug\NRFBridge.a(cyfitter_cfg.o)
 .comment       0x00000000       0x71 .\CortexM0\ARM_GCC_493\Debug\NRFBridge.a(Bootloadable.o)
 .comment       0x00000000       0x71 .\CortexM0\ARM_GCC_493\Debug\NRFBridge.a(UART.o)
 .comment       0x00000000       0x71 .\CortexM0\ARM_GCC_493\Debug\NRFBridge.a(UART_SPI_UART.o)
 .comment       0x00000000       0x71 .\CortexM0\ARM_GCC_493\Debug\NRFBridge.a(UART_UART.o)
 .comment       0x00000000       0x71 .\CortexM0\ARM_GCC_493\Debug\NRFBridge.a(CyFlash.o)
 .comment       0x00000000       0x71 .\CortexM0\ARM_GCC_493\Debug\NRFBridge.a(CyLib.o)
 .comment       0x00000000       0x71 .\CortexM0\ARM_GCC_493\Debug\NRFBridge.a(CyLFClk.o)

.debug_weaknames
 *(.debug_weaknames)

.debug_funcnames
 *(.debug_funcnames)

.debug_typenames
 *(.debug_typenames)

.debug_varnames
 *(.debug_varnames)

.note.gnu.arm.ident
 *(.note.gnu.arm.ident)

.ARM.attributes
                0x00000000       0x28
 *(.ARM.attributes)
 .ARM.attributes
                0x00000000       0x1e c:/program files/cypress/psoc creator/3.3/psoc creator/import/gnu/arm/4.9.3/bin/../lib/gcc/arm-none-eabi/4.9.3/armv6-m/crti.o
 .ARM.attributes
                0x0000001e       0x2c c:/program files/cypress/psoc creator/3.3/psoc creator/import/gnu/arm/4.9.3/bin/../lib/gcc/arm-none-eabi/4.9.3/armv6-m/crtbegin.o
 .ARM.attributes
                0x0000004a       0x1b c:/program files/cypress/psoc creator/3.3/psoc creator/import/gnu/arm/4.9.3/bin/../lib/gcc/arm-none-eabi/4.9.3/../../../../arm-none-eabi/lib/armv6-m/crt0.o
 .ARM.attributes
                0x00000065       0x31 .\CortexM0\ARM_GCC_493\Debug\main.o
 .ARM.attributes
                0x00000096       0x31 .\CortexM0\ARM_GCC_493\Debug\cybootloader.o
 .ARM.attributes
                0x000000c7       0x31 .\CortexM0\ARM_GCC_493\Debug\cymetadata.o
 .ARM.attributes
                0x000000f8       0x31 .\CortexM0\ARM_GCC_493\Debug\Cm0Start.o
 .ARM.attributes
                0x00000129       0x31 .\CortexM0\ARM_GCC_493\Debug\NRFBridge.a(cyfitter_cfg.o)
 .ARM.attributes
                0x0000015a       0x31 .\CortexM0\ARM_GCC_493\Debug\NRFBridge.a(Bootloadable.o)
 .ARM.attributes
                0x0000018b       0x31 .\CortexM0\ARM_GCC_493\Debug\NRFBridge.a(UART.o)
 .ARM.attributes
                0x000001bc       0x31 .\CortexM0\ARM_GCC_493\Debug\NRFBridge.a(UART_SPI_UART.o)
 .ARM.attributes
                0x000001ed       0x31 .\CortexM0\ARM_GCC_493\Debug\NRFBridge.a(UART_UART.o)
 .ARM.attributes
                0x0000021e       0x31 .\CortexM0\ARM_GCC_493\Debug\NRFBridge.a(CyFlash.o)
 .ARM.attributes
                0x0000024f       0x31 .\CortexM0\ARM_GCC_493\Debug\NRFBridge.a(CyLib.o)
 .ARM.attributes
                0x00000280       0x31 .\CortexM0\ARM_GCC_493\Debug\NRFBridge.a(CyLFClk.o)
 .ARM.attributes
                0x000002b1       0x21 .\CortexM0\ARM_GCC_493\Debug\NRFBridge.a(CyBootAsmGnu.o)
 .ARM.attributes
                0x000002d2       0x1e c:/program files/cypress/psoc creator/3.3/psoc creator/import/gnu/arm/4.9.3/bin/../lib/gcc/arm-none-eabi/4.9.3/armv6-m\libgcc.a(_udivsi3.o)
 .ARM.attributes
                0x000002f0       0x1e c:/program files/cypress/psoc creator/3.3/psoc creator/import/gnu/arm/4.9.3/bin/../lib/gcc/arm-none-eabi/4.9.3/armv6-m\libgcc.a(_dvmd_tls.o)
 .ARM.attributes
                0x0000030e       0x2c c:/program files/cypress/psoc creator/3.3/psoc creator/import/gnu/arm/4.9.3/bin/../lib/gcc/arm-none-eabi/4.9.3/../../../../arm-none-eabi/lib/armv6-m\libg_nano.a(lib_a-errno.o)
 .ARM.attributes
                0x0000033a       0x2c c:/program files/cypress/psoc creator/3.3/psoc creator/import/gnu/arm/4.9.3/bin/../lib/gcc/arm-none-eabi/4.9.3/../../../../arm-none-eabi/lib/armv6-m\libg_nano.a(lib_a-exit.o)
 .ARM.attributes
                0x00000366       0x2c c:/program files/cypress/psoc creator/3.3/psoc creator/import/gnu/arm/4.9.3/bin/../lib/gcc/arm-none-eabi/4.9.3/../../../../arm-none-eabi/lib/armv6-m\libg_nano.a(lib_a-impure.o)
 .ARM.attributes
                0x00000392       0x2c c:/program files/cypress/psoc creator/3.3/psoc creator/import/gnu/arm/4.9.3/bin/../lib/gcc/arm-none-eabi/4.9.3/../../../../arm-none-eabi/lib/armv6-m\libg_nano.a(lib_a-init.o)
 .ARM.attributes
                0x000003be       0x2c c:/program files/cypress/psoc creator/3.3/psoc creator/import/gnu/arm/4.9.3/bin/../lib/gcc/arm-none-eabi/4.9.3/../../../../arm-none-eabi/lib/armv6-m\libg_nano.a(lib_a-memcpy.o)
 .ARM.attributes
                0x000003ea       0x2c c:/program files/cypress/psoc creator/3.3/psoc creator/import/gnu/arm/4.9.3/bin/../lib/gcc/arm-none-eabi/4.9.3/../../../../arm-none-eabi/lib/armv6-m\libg_nano.a(lib_a-memset.o)
 .ARM.attributes
                0x00000416       0x2c c:/program files/cypress/psoc creator/3.3/psoc creator/import/gnu/arm/4.9.3/bin/../lib/gcc/arm-none-eabi/4.9.3/armv6-m/crtend.o
 .ARM.attributes
                0x00000442       0x1e c:/program files/cypress/psoc creator/3.3/psoc creator/import/gnu/arm/4.9.3/bin/../lib/gcc/arm-none-eabi/4.9.3/armv6-m/crtn.o

/DISCARD/
 *(.note.GNU-stack)
OUTPUT(.\CortexM0\ARM_GCC_493\Debug\NRFBridge.elf elf32-littlearm)
